I'm sorry, but errors were detected in your script. Please correct the
errors listed below, and try again.


File "game/script.rpy", line 88: Line is indented, but the preceding define statement statement does not expect a block. Please check this line's indentation. You may have forgotten a colon (:).
    call update_scene
    ^

Ren'Py Version: Ren'Py 8.3.2.24090902
Thu Nov 14 01:23:42 2024
